#-----------------------------------------------------------
# Vivado v2020.2 (64-bit)
# SW Build 3064766 on Wed Nov 18 09:12:45 MST 2020
# IP Build 3064653 on Wed Nov 18 14:17:31 MST 2020
# Start of session at: Sun Jul 23 15:59:35 2023
# Process ID: 5848
# Current directory: C:/Users/pc/Desktop/stage_IP_SVM/SVM
# Command line: vivado.exe -gui_launcher_event rodinguilauncherevent14732 C:\Users\pc\Desktop\stage_IP_SVM\SVM\SVM.xpr
# Log file: C:/Users/pc/Desktop/stage_IP_SVM/SVM/vivado.log
# Journal file: C:/Users/pc/Desktop/stage_IP_SVM/SVM\vivado.jou
#-----------------------------------------------------------
start_gui
open_project C:/Users/pc/Desktop/stage_IP_SVM/SVM/SVM.xpr
import_files -norecurse C:/Users/pc/Desktop/stage_IP_SVM/VHDL/square_difference.vhd
update_compile_order -fileset sources_1
file mkdir C:/Users/pc/Desktop/stage_IP_SVM/SVM/SVM.srcs/sources_1/new
close [ open C:/Users/pc/Desktop/stage_IP_SVM/SVM/SVM.srcs/sources_1/new/Adder.vhd w ]
add_files C:/Users/pc/Desktop/stage_IP_SVM/SVM/SVM.srcs/sources_1/new/Adder.vhd
set_property is_enabled false [get_files  C:/Users/pc/Desktop/stage_IP_SVM/SVM/SVM.srcs/sources_1/imports/VHDL/square_difference.vhd]
close [ open C:/Users/pc/Desktop/stage_IP_SVM/SVM/SVM.srcs/sources_1/new/Twos_Complement.vhd w ]
add_files C:/Users/pc/Desktop/stage_IP_SVM/SVM/SVM.srcs/sources_1/new/Twos_Complement.vhd
update_compile_order -fileset sources_1
set_property is_enabled false [get_files  C:/Users/pc/Desktop/stage_IP_SVM/SVM/SVM.srcs/sources_1/new/Adder.vhd]
update_compile_order -fileset sources_1
file mkdir C:/Users/pc/Desktop/stage_IP_SVM/SVM/SVM.srcs/sim_1/new
set_property SOURCE_SET sources_1 [get_filesets sim_1]
close [ open C:/Users/pc/Desktop/stage_IP_SVM/SVM/SVM.srcs/sim_1/new/Twos_Complement_tb.vhd w ]
add_files -fileset sim_1 C:/Users/pc/Desktop/stage_IP_SVM/SVM/SVM.srcs/sim_1/new/Twos_Complement_tb.vhd
update_compile_order -fileset sim_1
# Disabling source management mode.  This is to allow the top design properties to be set without GUI intervention.
set_property source_mgmt_mode None [current_project]
set_property top Twos_Complement_tb [get_filesets sim_1]
set_property top_lib xil_defaultlib [get_filesets sim_1]
# Re-enabling previously disabled source management mode.
set_property source_mgmt_mode All [current_project]
update_compile_order -fileset sim_1
launch_simulation
launch_simulation
